#-----------------------------------------------------------
# PlanAhead v14.7
# Build 321239 by xbuild on Fri Sep 27 19:31:35 MDT 2013
# Start of session at: Tue Oct 18 02:44:48 2022
# Process ID: 10564
# Log file: C:/Users/XickZenF5/Desktop/Digital/Lab8/Lab8/planAhead_run_1/planAhead.log
# Journal file: C:/Users/XickZenF5/Desktop/Digital/Lab8/Lab8/planAhead_run_1/planAhead.jou
#-----------------------------------------------------------
start_gui
source C:/Users/XickZenF5/Desktop/Digital/Lab8/Lab8/pa.fromHdl.tcl
update_compile_order -fileset sim_1
startgroup
set_property package_pin P41 [get_ports a_P41]
endgroup
startgroup
set_property package_pin P40 [get_ports b_P40]
endgroup
startgroup
set_property package_pin P35 [get_ports c_P35]
endgroup
startgroup
set_property package_pin P34 [get_ports d_P34]
endgroup
startgroup
set_property package_pin P32 [get_ports e_P32]
endgroup
startgroup
set_property package_pin P29 [get_ports f_P29]
endgroup
startgroup
set_property package_pin P27 [get_ports g_P27]
endgroup
startgroup
set_property package_pin P66 [get_ports SL_SW0_P66]
endgroup
startgroup
set_property package_pin P62 [get_ports SL_SW1_P62]
endgroup
startgroup
set_property package_pin P61 [get_ports SL_SW2_P61]
endgroup
startgroup
set_property package_pin P59 [get_ports SL_SW3_P59]
endgroup
startgroup
set_property package_pin P58 [get_ports SL_SW4_P58]
endgroup
startgroup
set_property package_pin P57 [get_ports SL_SW5_P57]
endgroup
startgroup
set_property package_pin P55 [get_ports SL_SW7_P55]
endgroup
startgroup
set_property package_pin P56 [get_ports SL_SW6_P56]
endgroup
save_constraints
